RAM Allocation [bytes]
Variable                                                                          Address   Size
------------------------------------------------------------------------------------------------

EEPROM Allocation [bytes]
Variable                                                                          Address   Size
------------------------------------------------------------------------------------------------

Register Allocation
Variable                                                                          Register  Size
------------------------------------------------------------------------------------------------
as                                                                                R5           1
bs                                                                                R4           1
cs                                                                                R7           1
led_n                                                                             R6           1
effect_line                                                                       R9           1
curent_line                                                                       R8           1
n_pic                                                                             R11          1
old_but                                                                           R2.0      1bit
play_en                                                                           R10          1

FLASH Allocation [words]
Function                                                                          Address   Size
------------------------------------------------------------------------------------------------
set_led_state                                                                     0x006D2      6
timer2_ovf_isr                                                                    0x006D8    224
proces_effect                                                                     0x007B8     20
proces_play                                                                       0x007CC     82
main                                                                              0x0081E     76
